(---------------------------------------------------------------------)
(                                                                     )
(    Dangling Line, Via and Antenna Report                            )
(                                                                     )
(    Drawing          : vibration.brd                                 )
(    Software Version : 16.6-2015S065                                 )
(    Date/Time        : Fri May 06 23:21:44 2016                      )
(                                                                     )
(---------------------------------------------------------------------)


Report methodology:
  - Dangling lines have at least one end not connected.
  - Dangling vias have one or no connection
      - Plus are not a test, thieving or netshort property via.
  - Antenna vias do not have connections on their start and end layers.
      - Plus they are not a thieving vias.
      - Optionally, VOLTAGE nets, testvias and through vias can be suppressed with
        the environment variable report_antennavia.
      - Section may be suppressed by variable report_noantennavia.
  - Not part of the current partition.
  - To suppress items in dangle report add the OK_DANGLE property to the via
    or connect line.

<< Dangling Lines >>  - Location marked with a star (*) is dangling.
  Net                 Layer                  Length       Location
  ------------------------------------------------------------------------------------------
  N191883              TOP                    5.000      (1156.000 2157.000) to *(1156.000 2162.000)
  GND                  BOTTOM                 0.619      (1809.941 2752.678) to *(1809.322 2752.678)
  VBAT                 TOP                    0.081     *(3657.402 3462.679) to  (3657.402 3462.598)


<< Dangling Vias >>
  Net                  Padstack               Location            Layers
  ---------------------------------------------------------------------------
  VCC20                TESTPOINT            (340.000 3690.000) TOP/TOP 
  VCC5-ADC             TESTPOINT            (340.000 2560.000) TOP/TOP 
  VDD3.3-ADC           TESTPOINT            (340.000 2730.000) TOP/TOP 
  VDD3.3               TESTPOINT            (1570.000 350.000) TOP/TOP 
  VDD3.3-ETH           TESTPOINT            (340.000 2420.000) TOP/TOP 
  VCC-5                TESTPOINT            (340.000 3290.000) TOP/TOP 
  VCC5                 TESTPOINT            (340.000 2960.000) TOP/TOP 


<< Antenna Vias >>
  Net                  Padstack               Location            Layers
  ---------------------------------------------------------------------------
  VCC20                VIA-12-16            (987.322 3497.678) TOP/BOTTOM 
  VCC20                VIA-12-16            (954.000 3500.000) TOP/BOTTOM 
  VCC20                VIA-12-16            (1660.000 3500.000) TOP/BOTTOM 
  VCC20                VIA-12-16            (1687.322 3498.678) TOP/BOTTOM 
  VCC20                VIA-12-16            (2387.322 3489.678) TOP/BOTTOM 
  VCC20                VIA-12-16            (2356.000 3500.000) TOP/BOTTOM 
  VCC20                VIA-12-16            (3058.000 3500.000) TOP/BOTTOM 
  VCC20                VIA-12-16            (3087.322 3493.322) TOP/BOTTOM 
  VCC20                VIA-12-16            (3420.000 3636.000) TOP/BOTTOM 
  VCC20                VIA-12-16            (3437.386 3513.386) TOP/BOTTOM 
  VCC20                VIA-12-16            (956.488 3660.000) TOP/BOTTOM 
  VCC20                VIA-12-16            (1656.000 3660.000) TOP/BOTTOM 
  VCC20                VIA-12-16            (2356.488 3660.000) TOP/BOTTOM 
  VCC20                VIA-12-16            (3056.488 3660.000) TOP/BOTTOM 
  VCC20                VIA-12-16            (1040.000 4225.000) TOP/BOTTOM 
  VCC20                VIA-12-16            (1740.000 4229.000) TOP/BOTTOM 
  VCC20                VIA-12-16            (2440.000 4227.000) TOP/BOTTOM 
  VCC20                VIA-12-16            (3140.000 4226.000) TOP/BOTTOM 
  VCC20                VIA-12-16            (300.000 3690.000) TOP/BOTTOM 
  VCC5-ADC             VIA-12-16            (3073.155 2245.077) TOP/BOTTOM 
  VCC5-ADC             VIA-12-16            (3149.921 2250.000) TOP/BOTTOM 
  VCC5-ADC             VIA-12-16            (611.366 2658.634) TOP/BOTTOM 
  VCC5-ADC             VIA-12-16            (787.205 2702.795) TOP/BOTTOM 
  VCC5-ADC             VIA-12-16            (1250.000 2620.000) TOP/BOTTOM 
  VCC5-ADC             VIA-12-16            (1563.000 2594.000) TOP/BOTTOM 
  VCC5-ADC             VIA-12-16            (2000.000 2647.264) TOP/BOTTOM 
  VCC5-ADC             VIA-12-16            (2230.000 2650.000) TOP/BOTTOM 
  VCC5-ADC             VIA-12-16            (2640.000 2623.000) TOP/BOTTOM 
  VCC5-ADC             VIA-12-16            (2940.000 2680.000) TOP/BOTTOM 
  VCC5-ADC             VIA-12-16            (300.000 2560.000) TOP/BOTTOM 
  GND                  VIA-12-16            (2221.000 33.583) TOP/BOTTOM 
  GND                  VIA-12-16            (1959.307 151.693) TOP/BOTTOM 
  GND                  VIA-12-16            (2161.000 260.000) TOP/BOTTOM 
  GND                  VIA-12-16            (2222.693 151.693) TOP/BOTTOM 
  GND                  VIA-12-16            (3220.000 298.000) TOP/BOTTOM 
  GND                  VIA-12-16            (423.000 776.000) TOP/BOTTOM 
  GND                  VIA-12-16            (330.000 738.000) TOP/BOTTOM 
  GND                  VIA-12-16            (711.870 775.000) TOP/BOTTOM 
  GND                  VIA-12-16            (1070.000 811.000) TOP/BOTTOM 
  GND                  VIA-12-16            (2520.079 822.000) TOP/BOTTOM 
  GND                  VIA-12-16            (2880.079 818.000) TOP/BOTTOM 
  GND                  VIA-12-16            (3240.000 820.000) TOP/BOTTOM 
  GND                  VIA-12-16            (3890.000 760.000) TOP/BOTTOM 
  GND                  VIA-12-16            (110.000 870.000) TOP/BOTTOM 
  GND                  VIA-12-16            (357.000 1097.000) TOP/BOTTOM 
  GND                  VIA-12-16            (188.426 994.000) TOP/BOTTOM 
  GND                  VIA-12-16            (539.055 935.055) TOP/BOTTOM 
  GND                  VIA-12-16            (820.000 838.485) TOP/BOTTOM 
  GND                  VIA-12-16            (785.000 927.000) TOP/BOTTOM 
  GND                  VIA-12-16            (679.000 919.256) TOP/BOTTOM 
  GND                  VIA-12-16            (1000.000 835.000) TOP/BOTTOM 
  GND                  VIA-12-16            (1290.000 870.000) TOP/BOTTOM 
  GND                  VIA-12-16            (1850.000 901.000) TOP/BOTTOM 
  GND                  VIA-12-16            (2645.228 1060.014) TOP/BOTTOM 
  GND                  VIA-12-16            (2615.228 1060.014) TOP/BOTTOM 
  GND                  VIA-12-16            (2585.228 1060.014) TOP/BOTTOM 
  GND                  VIA-12-16            (2555.228 1060.014) TOP/BOTTOM 
  GND                  VIA-12-16            (2645.228 1030.014) TOP/BOTTOM 
  GND                  VIA-12-16            (2615.228 1030.014) TOP/BOTTOM 
  GND                  VIA-12-16            (2585.228 1030.014) TOP/BOTTOM 
  GND                  VIA-12-16            (2555.228 1030.014) TOP/BOTTOM 
  GND                  VIA-12-16            (2645.228 1000.014) TOP/BOTTOM 
  GND                  VIA-12-16            (2615.228 1000.014) TOP/BOTTOM 
  GND                  VIA-12-16            (2585.228 1000.014) TOP/BOTTOM 
  GND                  VIA-12-16            (2555.228 1000.014) TOP/BOTTOM 
  GND                  VIA-12-16            (3005.228 1060.014) TOP/BOTTOM 
  GND                  VIA-12-16            (2975.228 1060.014) TOP/BOTTOM 
  GND                  VIA-12-16            (2945.228 1060.014) TOP/BOTTOM 
  GND                  VIA-12-16            (2915.228 1060.014) TOP/BOTTOM 
  GND                  VIA-12-16            (3005.228 1030.014) TOP/BOTTOM 
  GND                  VIA-12-16            (2975.228 1030.014) TOP/BOTTOM 
  GND                  VIA-12-16            (2945.228 1030.014) TOP/BOTTOM 
  GND                  VIA-12-16            (2915.228 1030.014) TOP/BOTTOM 
  GND                  VIA-12-16            (3005.228 1000.014) TOP/BOTTOM 
  GND                  VIA-12-16            (2975.228 1000.014) TOP/BOTTOM 
  GND                  VIA-12-16            (2945.228 1000.014) TOP/BOTTOM 
  GND                  VIA-12-16            (2915.228 1000.014) TOP/BOTTOM 
  GND                  VIA-12-16            (3275.228 1060.014) TOP/BOTTOM 
  GND                  VIA-12-16            (3275.228 1030.014) TOP/BOTTOM 
  GND                  VIA-12-16            (3275.228 1000.014) TOP/BOTTOM 
  GND                  VIA-12-16            (3365.228 1060.014) TOP/BOTTOM 
  GND                  VIA-12-16            (3335.228 1060.014) TOP/BOTTOM 
  GND                  VIA-12-16            (3305.228 1060.014) TOP/BOTTOM 
  GND                  VIA-12-16            (3365.228 1030.014) TOP/BOTTOM 
  GND                  VIA-12-16            (3335.228 1030.014) TOP/BOTTOM 
  GND                  VIA-12-16            (3305.228 1030.014) TOP/BOTTOM 
  GND                  VIA-12-16            (3365.228 1000.014) TOP/BOTTOM 
  GND                  VIA-12-16            (3335.228 1000.014) TOP/BOTTOM 
  GND                  VIA-12-16            (3305.228 1000.014) TOP/BOTTOM 
  GND                  VIA-12-16            (3602.000 860.000) TOP/BOTTOM 
  GND                  VIA-12-16            (3809.810 893.000) TOP/BOTTOM 
  GND                  VIA-12-16            (210.000 1212.000) TOP/BOTTOM 
  GND                  VIA-12-16            (110.158 1212.158) TOP/BOTTOM 
  GND                  VIA-12-16            (90.000 1143.000) TOP/BOTTOM 
  GND                  VIA-12-16            (360.000 1171.000) TOP/BOTTOM 
  GND                  VIA-12-16            (905.000 1106.000) TOP/BOTTOM 
  GND                  VIA-12-16            (1175.109 1095.108) TOP/BOTTOM 
  GND                  VIA-12-16            (1633.000 1075.000) TOP/BOTTOM 
  GND                  VIA-12-16            (1754.000 1125.000) TOP/BOTTOM 
  GND                  VIA-12-16            (1810.000 1017.000) TOP/BOTTOM 
  GND                  VIA-12-16            (2030.000 1019.000) TOP/BOTTOM 
  GND                  VIA-12-16            (2080.000 1019.000) TOP/BOTTOM 
  GND                  VIA-12-16            (3711.736 1053.186) TOP/BOTTOM 
  GND                  VIA-12-16            (3691.736 1053.186) TOP/BOTTOM 
  GND                  VIA-12-16            (3671.736 1053.186) TOP/BOTTOM 
  GND                  VIA-12-16            (3711.736 1033.186) TOP/BOTTOM 
  GND                  VIA-12-16            (3691.736 1033.186) TOP/BOTTOM 
  GND                  VIA-12-16            (3671.736 1033.186) TOP/BOTTOM 
  GND                  VIA-12-16            (3711.736 1013.186) TOP/BOTTOM 
  GND                  VIA-12-16            (3691.736 1013.186) TOP/BOTTOM 
  GND                  VIA-12-16            (3671.736 1013.186) TOP/BOTTOM 
  GND                  VIA-12-16            (924.000 1275.000) TOP/BOTTOM 
  GND                  VIA-12-16            (1175.500 1224.500) TOP/BOTTOM 
  GND                  VIA-12-16            (1555.000 1313.000) TOP/BOTTOM 
  GND                  VIA-12-16            (2050.315 1282.685) TOP/BOTTOM 
  GND                  VIA-12-16            (2485.921 1259.921) TOP/BOTTOM 
  GND                  VIA-12-16            (2839.842 1259.842) TOP/BOTTOM 
  GND                  VIA-12-16            (3207.079 1259.921) TOP/BOTTOM 
  GND                  VIA-12-16            (163.000 1380.000) TOP/BOTTOM 
  GND                  VIA-12-16            (354.000 1356.000) TOP/BOTTOM 
  GND                  VIA-12-16            (903.000 1450.000) TOP/BOTTOM 
  GND                  VIA-12-16            (1167.000 1481.000) TOP/BOTTOM 
  GND                  VIA-12-16            (1086.087 1401.000) TOP/BOTTOM 
  GND                  VIA-12-16            (2200.000 1505.000) TOP/BOTTOM 
  GND                  VIA-12-16            (2300.000 1503.000) TOP/BOTTOM 
  GND                  VIA-12-16            (2619.000 1359.921) TOP/BOTTOM 
  GND                  VIA-12-16            (2980.000 1359.921) TOP/BOTTOM 
  GND                  VIA-12-16            (3344.000 1359.921) TOP/BOTTOM 
  GND                  VIA-12-16            (511.000 1640.000) TOP/BOTTOM 
  GND                  VIA-12-16            (794.960 1661.590) TOP/BOTTOM 
  GND                  VIA-12-16            (684.000 1634.000) TOP/BOTTOM 
  GND                  VIA-12-16            (2207.000 1697.000) TOP/BOTTOM 
  GND                  VIA-12-16            (568.000 1749.000) TOP/BOTTOM 
  GND                  VIA-12-16            (786.000 1770.000) TOP/BOTTOM 
  GND                  VIA-12-16            (712.000 1718.000) TOP/BOTTOM 
  GND                  VIA-12-16            (1109.000 1711.370) TOP/BOTTOM 
  GND                  VIA-12-16            (1103.000 1780.000) TOP/BOTTOM 
  GND                  VIA-12-16            (1364.886 1736.000) TOP/BOTTOM 
  GND                  VIA-12-16            (2300.000 1699.000) TOP/BOTTOM 
  GND                  VIA-12-16            (2300.000 1841.000) TOP/BOTTOM 
  GND                  VIA-12-16            (2561.924 1776.915) TOP/BOTTOM 
  GND                  VIA-12-16            (2598.661 1860.661) TOP/BOTTOM 
  GND                  VIA-12-16            (2838.661 1855.339) TOP/BOTTOM 
  GND                  VIA-12-16            (3039.407 1778.408) TOP/BOTTOM 
  GND                  VIA-12-16            (3360.000 1760.000) TOP/BOTTOM 
  GND                  VIA-12-16            (3691.000 1790.000) TOP/BOTTOM 
  GND                  VIA-12-16            (665.039 1946.961) TOP/BOTTOM 
  GND                  VIA-12-16            (1103.000 1938.000) TOP/BOTTOM 
  GND                  VIA-12-16            (1330.000 2020.000) TOP/BOTTOM 
  GND                  VIA-12-16            (1449.000 1897.000) TOP/BOTTOM 
  GND                  VIA-12-16            (2300.000 1947.000) TOP/BOTTOM 
  GND                  VIA-12-16            (2490.079 1965.921) TOP/BOTTOM 
  GND                  VIA-12-16            (2741.000 1978.000) TOP/BOTTOM 
  GND                  VIA-12-16            (3050.000 1951.000) TOP/BOTTOM 
  GND                  VIA-12-16            (3090.000 1951.000) TOP/BOTTOM 
  GND                  VIA-12-16            (3270.000 1951.000) TOP/BOTTOM 
  GND                  VIA-12-16            (3310.000 1950.000) TOP/BOTTOM 
  GND                  VIA-12-16            (3530.000 1951.000) TOP/BOTTOM 
  GND                  VIA-12-16            (3490.000 1950.217) TOP/BOTTOM 
  GND                  VIA-12-16            (3690.158 1950.217) TOP/BOTTOM 
  GND                  VIA-12-16            (3651.000 1992.000) TOP/BOTTOM 
  GND                  VIA-12-16            (1769.000 2128.000) TOP/BOTTOM 
  GND                  VIA-12-16            (3045.000 2147.000) TOP/BOTTOM 
  GND                  VIA-12-16            (3265.000 2154.000) TOP/BOTTOM 
  GND                  VIA-12-16            (3485.000 2150.000) TOP/BOTTOM 
  GND                  VIA-12-16            (1548.000 2318.000) TOP/BOTTOM 
  GND                  VIA-12-16            (1725.000 2258.158) TOP/BOTTOM 
  GND                  VIA-12-16            (1756.000 2238.000) TOP/BOTTOM 
  GND                  VIA-12-16            (1930.000 2253.000) TOP/BOTTOM 
  GND                  VIA-12-16            (2510.079 2315.000) TOP/BOTTOM 
  GND                  VIA-12-16            (2605.000 2250.000) TOP/BOTTOM 
  GND                  VIA-12-16            (2750.079 2315.079) TOP/BOTTOM 
  GND                  VIA-12-16            (2843.492 2252.491) TOP/BOTTOM 
  GND                  VIA-12-16            (3090.079 2318.582) TOP/BOTTOM 
  GND                  VIA-12-16            (3310.079 2318.582) TOP/BOTTOM 
  GND                  VIA-12-16            (3530.079 2318.582) TOP/BOTTOM 
  GND                  VIA-12-16            (3751.013 2235.013) TOP/BOTTOM 
  GND                  VIA-12-16            (609.002 2434.002) TOP/BOTTOM 
  GND                  VIA-12-16            (3990.000 2450.000) TOP/BOTTOM 
  GND                  VIA-12-16            (4210.000 2500.000) TOP/BOTTOM 
  GND                  VIA-12-16            (4210.000 2550.000) TOP/BOTTOM 
  GND                  VIA-12-16            (541.322 2702.678) TOP/BOTTOM 
  GND                  VIA-12-16            (791.678 2651.614) TOP/BOTTOM 
  GND                  VIA-12-16            (792.386 2728.386) TOP/BOTTOM 
  GND                  VIA-12-16            (698.000 2600.433) TOP/BOTTOM 
  GND                  VIA-12-16            (1513.000 2608.000) TOP/BOTTOM 
  GND                  VIA-12-16            (1497.000 2732.000) TOP/BOTTOM 
  GND                  VIA-12-16            (1370.000 2629.000) TOP/BOTTOM 
  GND                  VIA-12-16            (2196.000 2642.000) TOP/BOTTOM 
  GND                  VIA-12-16            (2097.000 2601.000) TOP/BOTTOM 
  GND                  VIA-12-16            (2770.000 2633.788) TOP/BOTTOM 
  GND                  VIA-12-16            (2914.000 2626.000) TOP/BOTTOM 
  GND                  VIA-12-16            (3205.000 2715.000) TOP/BOTTOM 
  GND                  VIA-12-16            (3680.000 2652.000) TOP/BOTTOM 
  GND                  VIA-12-16            (4210.000 2600.000) TOP/BOTTOM 
  GND                  VIA-12-16            (4210.000 2650.000) TOP/BOTTOM 
  GND                  VIA-12-16            (4210.000 2700.000) TOP/BOTTOM 
  GND                  VIA-12-16            (824.000 2850.000) TOP/BOTTOM 
  GND                  VIA-12-16            (900.000 2776.121) TOP/BOTTOM 
  GND                  VIA-12-16            (1109.941 2752.678) TOP/BOTTOM 
  GND                  VIA-12-16            (1161.000 2830.000) TOP/BOTTOM 
  GND                  VIA-12-16            (1250.000 2739.883) TOP/BOTTOM 
  GND                  VIA-12-16            (1525.000 2850.000) TOP/BOTTOM 
  GND                  VIA-12-16            (1602.000 2774.121) TOP/BOTTOM 
  GND                  VIA-12-16            (1857.000 2830.000) TOP/BOTTOM 
  GND                  VIA-12-16            (2000.000 2749.000) TOP/BOTTOM 
  GND                  VIA-12-16            (2197.000 2762.000) TOP/BOTTOM 
  GND                  VIA-12-16            (2224.000 2850.000) TOP/BOTTOM 
  GND                  VIA-12-16            (2292.000 2780.000) TOP/BOTTOM 
  GND                  VIA-12-16            (2551.000 2830.000) TOP/BOTTOM 
  GND                  VIA-12-16            (2480.000 2781.000) TOP/BOTTOM 
  GND                  VIA-12-16            (2700.000 2748.000) TOP/BOTTOM 
  GND                  VIA-12-16            (2900.000 2741.000) TOP/BOTTOM 
  GND                  VIA-12-16            (3006.976 2753.976) TOP/BOTTOM 
  GND                  VIA-12-16            (2925.000 2850.000) TOP/BOTTOM 
  GND                  VIA-12-16            (3203.130 2750.000) TOP/BOTTOM 
  GND                  VIA-12-16            (3252.000 2830.000) TOP/BOTTOM 
  GND                  VIA-12-16            (3292.000 2850.000) TOP/BOTTOM 
  GND                  VIA-12-16            (3352.000 2790.000) TOP/BOTTOM 
  GND                  VIA-12-16            (4210.000 2750.000) TOP/BOTTOM 
  GND                  VIA-12-16            (562.158 3069.842) TOP/BOTTOM 
  GND                  VIA-12-16            (827.000 2920.000) TOP/BOTTOM 
  GND                  VIA-12-16            (846.758 3041.354) TOP/BOTTOM 
  GND                  VIA-12-16            (826.758 3041.354) TOP/BOTTOM 
  GND                  VIA-12-16            (806.758 3041.354) TOP/BOTTOM 
  GND                  VIA-12-16            (846.758 3021.354) TOP/BOTTOM 
  GND                  VIA-12-16            (826.758 3021.354) TOP/BOTTOM 
  GND                  VIA-12-16            (806.758 3021.354) TOP/BOTTOM 
  GND                  VIA-12-16            (846.758 3001.354) TOP/BOTTOM 
  GND                  VIA-12-16            (826.758 3001.354) TOP/BOTTOM 
  GND                  VIA-12-16            (806.758 3001.354) TOP/BOTTOM 
  GND                  VIA-12-16            (846.758 2981.354) TOP/BOTTOM 
  GND                  VIA-12-16            (826.758 2981.354) TOP/BOTTOM 
  GND                  VIA-12-16            (806.758 2981.354) TOP/BOTTOM 
  GND                  VIA-12-16            (1264.000 3069.842) TOP/BOTTOM 
  GND                  VIA-12-16            (1523.000 2920.000) TOP/BOTTOM 
  GND                  VIA-12-16            (1546.758 3041.354) TOP/BOTTOM 
  GND                  VIA-12-16            (1526.758 3041.354) TOP/BOTTOM 
  GND                  VIA-12-16            (1546.758 3021.354) TOP/BOTTOM 
  GND                  VIA-12-16            (1526.758 3021.354) TOP/BOTTOM 
  GND                  VIA-12-16            (1546.758 3001.354) TOP/BOTTOM 
  GND                  VIA-12-16            (1526.758 3001.354) TOP/BOTTOM 
  GND                  VIA-12-16            (1546.758 2981.354) TOP/BOTTOM 
  GND                  VIA-12-16            (1526.758 2981.354) TOP/BOTTOM 
  GND                  VIA-12-16            (1506.758 3041.354) TOP/BOTTOM 
  GND                  VIA-12-16            (1506.758 3021.354) TOP/BOTTOM 
  GND                  VIA-12-16            (1506.758 3001.354) TOP/BOTTOM 
  GND                  VIA-12-16            (1506.758 2981.354) TOP/BOTTOM 
  GND                  VIA-12-16            (1956.158 3069.842) TOP/BOTTOM 
  GND                  VIA-12-16            (2246.758 3041.354) TOP/BOTTOM 
  GND                  VIA-12-16            (2226.758 3041.354) TOP/BOTTOM 
  GND                  VIA-12-16            (2246.758 3021.354) TOP/BOTTOM 
  GND                  VIA-12-16            (2226.758 3021.354) TOP/BOTTOM 
  GND                  VIA-12-16            (2246.758 3001.354) TOP/BOTTOM 
  GND                  VIA-12-16            (2226.758 3001.354) TOP/BOTTOM 
  GND                  VIA-12-16            (2246.758 2981.354) TOP/BOTTOM 
  GND                  VIA-12-16            (2226.758 2981.354) TOP/BOTTOM 
  GND                  VIA-12-16            (2206.758 3041.354) TOP/BOTTOM 
  GND                  VIA-12-16            (2206.758 3021.354) TOP/BOTTOM 
  GND                  VIA-12-16            (2206.758 3001.354) TOP/BOTTOM 
  GND                  VIA-12-16            (2206.758 2981.354) TOP/BOTTOM 
  GND                  VIA-12-16            (2226.000 2920.000) TOP/BOTTOM 
  GND                  VIA-12-16            (2655.158 3069.842) TOP/BOTTOM 
  GND                  VIA-12-16            (2946.758 3041.354) TOP/BOTTOM 
  GND                  VIA-12-16            (2926.758 3041.354) TOP/BOTTOM 
  GND                  VIA-12-16            (2946.758 3021.354) TOP/BOTTOM 
  GND                  VIA-12-16            (2926.758 3021.354) TOP/BOTTOM 
  GND                  VIA-12-16            (2946.758 3001.354) TOP/BOTTOM 
  GND                  VIA-12-16            (2926.758 3001.354) TOP/BOTTOM 
  GND                  VIA-12-16            (2946.758 2981.354) TOP/BOTTOM 
  GND                  VIA-12-16            (2926.758 2981.354) TOP/BOTTOM 
  GND                  VIA-12-16            (2906.758 3041.354) TOP/BOTTOM 
  GND                  VIA-12-16            (2906.758 3021.354) TOP/BOTTOM 
  GND                  VIA-12-16            (2906.758 3001.354) TOP/BOTTOM 
  GND                  VIA-12-16            (2906.758 2981.354) TOP/BOTTOM 
  GND                  VIA-12-16            (2925.000 2920.000) TOP/BOTTOM 
  GND                  VIA-12-16            (3299.000 3080.000) TOP/BOTTOM 
  GND                  VIA-12-16            (3549.000 2995.000) TOP/BOTTOM 
  GND                  VIA-12-16            (790.000 3138.000) TOP/BOTTOM 
  GND                  VIA-12-16            (963.000 3160.000) TOP/BOTTOM 
  GND                  VIA-12-16            (1490.000 3139.000) TOP/BOTTOM 
  GND                  VIA-12-16            (1657.000 3160.000) TOP/BOTTOM 
  GND                  VIA-12-16            (2190.000 3140.000) TOP/BOTTOM 
  GND                  VIA-12-16            (2363.000 3160.000) TOP/BOTTOM 
  GND                  VIA-12-16            (2889.842 3139.000) TOP/BOTTOM 
  GND                  VIA-12-16            (3057.000 3160.000) TOP/BOTTOM 
  GND                  VIA-12-16            (3240.598 3197.402) TOP/BOTTOM 
  GND                  VIA-12-16            (3590.000 3173.000) TOP/BOTTOM 
  GND                  VIA-12-16            (561.000 3280.000) TOP/BOTTOM 
  GND                  VIA-12-16            (1118.000 3280.000) TOP/BOTTOM 
  GND                  VIA-12-16            (1266.000 3280.000) TOP/BOTTOM 
  GND                  VIA-12-16            (1817.000 3280.000) TOP/BOTTOM 
  GND                  VIA-12-16            (1961.000 3280.000) TOP/BOTTOM 
  GND                  VIA-12-16            (2517.000 3280.000) TOP/BOTTOM 
  GND                  VIA-12-16            (2662.000 3280.000) TOP/BOTTOM 
  GND                  VIA-12-16            (3215.000 3280.000) TOP/BOTTOM 
  GND                  VIA-12-16            (3295.826 3397.776) TOP/BOTTOM 
  GND                  VIA-12-16            (3239.783 3450.000) TOP/BOTTOM 
  GND                  VIA-12-16            (561.000 3450.000) TOP/BOTTOM 
  GND                  VIA-12-16            (695.000 3450.000) TOP/BOTTOM 
  GND                  VIA-12-16            (870.000 3470.000) TOP/BOTTOM 
  GND                  VIA-12-16            (1115.000 3450.000) TOP/BOTTOM 
  GND                  VIA-12-16            (1260.000 3450.000) TOP/BOTTOM 
  GND                  VIA-12-16            (1393.000 3450.000) TOP/BOTTOM 
  GND                  VIA-12-16            (1570.000 3470.000) TOP/BOTTOM 
  GND                  VIA-12-16            (1816.000 3450.000) TOP/BOTTOM 
  GND                  VIA-12-16            (1956.000 3450.000) TOP/BOTTOM 
  GND                  VIA-12-16            (2096.000 3450.000) TOP/BOTTOM 
  GND                  VIA-12-16            (2270.000 3473.000) TOP/BOTTOM 
  GND                  VIA-12-16            (2515.000 3450.000) TOP/BOTTOM 
  GND                  VIA-12-16            (2658.000 3450.000) TOP/BOTTOM 
  GND                  VIA-12-16            (2798.000 3450.000) TOP/BOTTOM 
  GND                  VIA-12-16            (2970.000 3472.000) TOP/BOTTOM 
  GND                  VIA-12-16            (3290.000 3565.000) TOP/BOTTOM 
  GND                  VIA-12-16            (3479.000 3526.381) TOP/BOTTOM 
  GND                  VIA-12-16            (3250.000 3700.000) TOP/BOTTOM 
  GND                  VIA-12-16            (236.000 962.000) TOP/BOTTOM 
  GND                  VIA-12-16            (265.000 1024.000) TOP/BOTTOM 
  GND                  VIA-12-16            (1565.000 2351.000) TOP/BOTTOM 
  GND                  VIA-12-16            (1613.000 2351.000) TOP/BOTTOM 
  GND                  VIA-12-16            (1665.000 2351.000) TOP/BOTTOM 
  GND                  VIA-12-16            (1697.000 2185.000) TOP/BOTTOM 
  GND                  VIA-12-16            (1704.000 2147.000) TOP/BOTTOM 
  GND                  VIA-12-16            (1755.000 2190.000) TOP/BOTTOM 
  GND                  VIA-12-16            (1718.000 2351.000) TOP/BOTTOM 
  GND                  VIA-12-16            (3970.000 2260.000) TOP/BOTTOM 
  GND                  VIA-12-16            (3980.000 2060.000) TOP/BOTTOM 
  GND                  VIA-12-16            (3980.000 1880.000) TOP/BOTTOM 
  GND                  VIA-12-16            (3980.000 1670.000) TOP/BOTTOM 
  GND                  VIA-12-16            (3980.000 1480.000) TOP/BOTTOM 
  GND                  VIA-12-16            (3980.000 1240.000) TOP/BOTTOM 
  GND                  VIA-12-16            (3980.000 1030.000) TOP/BOTTOM 
  GND                  VIA-12-16            (3980.000 850.000) TOP/BOTTOM 
  GND                  VIA-12-16            (3710.000 1350.000) TOP/BOTTOM 
  GND                  VIA-12-16            (3710.000 1600.000) TOP/BOTTOM 
  GND                  VIA-12-16            (3580.000 1820.000) TOP/BOTTOM 
  GND                  VIA-12-16            (3160.000 1840.000) TOP/BOTTOM 
  GND                  VIA-12-16            (2780.000 1790.000) TOP/BOTTOM 
  GND                  VIA-12-16            (3330.000 1590.000) TOP/BOTTOM 
  GND                  VIA-12-16            (2980.000 1590.000) TOP/BOTTOM 
  GND                  VIA-12-16            (2600.000 1590.000) TOP/BOTTOM 
  GND                  VIA-12-16            (2470.000 2140.000) TOP/BOTTOM 
  GND                  VIA-12-16            (2630.000 2110.000) TOP/BOTTOM 
  GND                  VIA-12-16            (2860.000 2110.000) TOP/BOTTOM 
  GND                  VIA-12-16            (3070.000 2110.000) TOP/BOTTOM 
  GND                  VIA-12-16            (3310.000 2120.000) TOP/BOTTOM 
  GND                  VIA-12-16            (3500.000 2110.000) TOP/BOTTOM 
  GND                  VIA-12-16            (3150.000 1370.000) TOP/BOTTOM 
  GND                  VIA-12-16            (2800.000 1370.000) TOP/BOTTOM 
  GND                  VIA-12-16            (3470.000 1280.000) TOP/BOTTOM 
  GND                  VIA-12-16            (3130.000 1140.000) TOP/BOTTOM 
  GND                  VIA-12-16            (2780.000 1140.000) TOP/BOTTOM 
  GND                  VIA-12-16            (2800.000 920.000) TOP/BOTTOM 
  GND                  VIA-12-16            (3160.000 940.000) TOP/BOTTOM 
  GND                  VIA-12-16            (3500.000 920.000) TOP/BOTTOM 
  GND                  VIA-12-16            (2600.000 680.000) TOP/BOTTOM 
  GND                  VIA-12-16            (2970.000 750.000) TOP/BOTTOM 
  GND                  VIA-12-16            (3210.000 670.000) TOP/BOTTOM 
  GND                  VIA-12-16            (3530.000 680.000) TOP/BOTTOM 
  GND                  VIA-12-16            (4000.000 710.000) TOP/BOTTOM 
  GND                  VIA-12-16            (142.000 924.000) TOP/BOTTOM 
  VDD3.3-ADC           VIA-12-16            (3369.921 2250.000) TOP/BOTTOM 
  VDD3.3-ADC           VIA-12-16            (3293.155 2245.077) TOP/BOTTOM 
  VDD3.3-ADC           VIA-12-16            (891.000 2738.000) TOP/BOTTOM 
  VDD3.3-ADC           VIA-12-16            (1150.000 2628.000) TOP/BOTTOM 
  VDD3.3-ADC           VIA-12-16            (1595.000 2733.000) TOP/BOTTOM 
  VDD3.3-ADC           VIA-12-16            (1873.000 2632.000) TOP/BOTTOM 
  VDD3.3-ADC           VIA-12-16            (2274.000 2732.000) TOP/BOTTOM 
  VDD3.3-ADC           VIA-12-16            (2550.000 2625.000) TOP/BOTTOM 
  VDD3.3-ADC           VIA-12-16            (3003.205 2702.795) TOP/BOTTOM 
  VDD3.3-ADC           VIA-12-16            (3250.000 2619.000) TOP/BOTTOM 
  VDD3.3-ADC           VIA-12-16            (300.000 2730.000) TOP/BOTTOM 
  VBAT                 VIA-12-16            (2696.457 816.457) TOP/BOTTOM 
  VBAT                 VIA-12-16            (3056.457 819.457) TOP/BOTTOM 
  VBAT                 VIA-12-16            (3416.457 818.543) TOP/BOTTOM 
  VBAT                 VIA-12-16            (2625.000 880.189) TOP/BOTTOM 
  VBAT                 VIA-12-16            (2985.000 881.000) TOP/BOTTOM 
  VBAT                 VIA-12-16            (3345.000 880.000) TOP/BOTTOM 
  VDD3.3               VIA-12-16            (1530.000 350.000) TOP/BOTTOM 
  VDD3.3               VIA-12-16            (2165.000 320.000) TOP/BOTTOM 
  VDD3.3               VIA-12-16            (1510.000 870.000) TOP/BOTTOM 
  VDD3.3               VIA-12-16            (1609.158 869.842) TOP/BOTTOM 
  VDD3.3               VIA-12-16            (1950.000 900.000) TOP/BOTTOM 
  VDD3.3               VIA-12-16            (2050.000 904.000) TOP/BOTTOM 
  VDD3.3               VIA-12-16            (2192.000 904.755) TOP/BOTTOM 
  VDD3.3               VIA-12-16            (1636.842 1109.842) TOP/BOTTOM 
  VDD3.3               VIA-12-16            (1814.000 1136.972) TOP/BOTTOM 
  VDD3.3               VIA-12-16            (2080.000 1170.000) TOP/BOTTOM 
  VDD3.3               VIA-12-16            (1240.114 1290.000) TOP/BOTTOM 
  VDD3.3               VIA-12-16            (1597.559 1312.000) TOP/BOTTOM 
  VDD3.3               VIA-12-16            (1223.270 1520.000) TOP/BOTTOM 
  VDD3.3               VIA-12-16            (1357.953 1697.953) TOP/BOTTOM 
  VDD3.3               VIA-12-16            (2194.472 1540.472) TOP/BOTTOM 
  VDD3.3               VIA-12-16            (712.000 1770.000) TOP/BOTTOM 
  VDD3.3               VIA-12-16            (1180.000 1700.000) TOP/BOTTOM 
  VDD3.3               VIA-12-16            (2200.000 1737.323) TOP/BOTTOM 
  VDD3.3               VIA-12-16            (633.543 1946.543) TOP/BOTTOM 
  VDD3.3               VIA-12-16            (1179.000 1950.000) TOP/BOTTOM 
  VDD3.3               VIA-12-16            (1435.773 1919.385) TOP/BOTTOM 
  VDD3.3               VIA-12-16            (2200.000 1993.228) TOP/BOTTOM 
  VDD3.3               VIA-12-16            (1300.000 2050.000) TOP/BOTTOM 
  VDD3.3               VIA-12-16            (1739.000 2122.222) TOP/BOTTOM 
  VDD3.3               VIA-12-16            (1956.000 2130.000) TOP/BOTTOM 
  VDD3.3               VIA-12-16            (2701.339 2250.000) TOP/BOTTOM 
  VDD3.3               VIA-12-16            (2655.000 2154.000) TOP/BOTTOM 
  VDD3.3               VIA-12-16            (716.000 2381.000) TOP/BOTTOM 
  VDD3.3               VIA-12-16            (1510.000 2357.000) TOP/BOTTOM 
  VDD3.3               VIA-12-16            (2435.000 2289.000) TOP/BOTTOM 
  VDD3.3               VIA-12-16            (2569.921 2315.000) TOP/BOTTOM 
  VDD3.3-ETH           VIA-12-16            (80.000 771.000) TOP/BOTTOM 
  VDD3.3-ETH           VIA-12-16            (150.000 742.000) TOP/BOTTOM 
  VDD3.3-ETH           VIA-12-16            (240.000 729.000) TOP/BOTTOM 
  VDD3.3-ETH           VIA-12-16            (317.158 699.842) TOP/BOTTOM 
  VDD3.3-ETH           VIA-12-16            (1109.842 699.842) TOP/BOTTOM 
  VDD3.3-ETH           VIA-12-16            (752.000 914.000) TOP/BOTTOM 
  VDD3.3-ETH           VIA-12-16            (1119.999 1068.001) TOP/BOTTOM 
  VDD3.3-ETH           VIA-12-16            (332.425 1381.575) TOP/BOTTOM 
  VDD3.3-ETH           VIA-12-16            (1115.000 1432.000) TOP/BOTTOM 
  VDD3.3-ETH           VIA-12-16            (590.000 1680.000) TOP/BOTTOM 
  VDD3.3-ETH           VIA-12-16            (750.000 1684.000) TOP/BOTTOM 
  VDD3.3-ETH           VIA-12-16            (2925.000 2252.000) TOP/BOTTOM 
  VDD3.3-ETH           VIA-12-16            (2875.000 2153.000) TOP/BOTTOM 
  VDD3.3-ETH           VIA-12-16            (300.000 2420.000) TOP/BOTTOM 
  VCC-5                VIA-12-16            (3810.000 2030.000) TOP/BOTTOM 
  VCC-5                VIA-12-16            (3670.158 2240.000) TOP/BOTTOM 
  VCC-5                VIA-12-16            (746.217 3203.217) TOP/BOTTOM 
  VCC-5                VIA-12-16            (789.595 3276.072) TOP/BOTTOM 
  VCC-5                VIA-12-16            (819.595 3276.072) TOP/BOTTOM 
  VCC-5                VIA-12-16            (849.595 3276.072) TOP/BOTTOM 
  VCC-5                VIA-12-16            (879.595 3276.072) TOP/BOTTOM 
  VCC-5                VIA-12-16            (789.595 3306.072) TOP/BOTTOM 
  VCC-5                VIA-12-16            (819.595 3306.072) TOP/BOTTOM 
  VCC-5                VIA-12-16            (849.595 3306.072) TOP/BOTTOM 
  VCC-5                VIA-12-16            (879.595 3306.072) TOP/BOTTOM 
  VCC-5                VIA-12-16            (789.595 3336.072) TOP/BOTTOM 
  VCC-5                VIA-12-16            (819.595 3336.072) TOP/BOTTOM 
  VCC-5                VIA-12-16            (849.595 3336.072) TOP/BOTTOM 
  VCC-5                VIA-12-16            (879.595 3336.072) TOP/BOTTOM 
  VCC-5                VIA-12-16            (789.595 3366.072) TOP/BOTTOM 
  VCC-5                VIA-12-16            (819.595 3366.072) TOP/BOTTOM 
  VCC-5                VIA-12-16            (849.595 3366.072) TOP/BOTTOM 
  VCC-5                VIA-12-16            (879.595 3366.072) TOP/BOTTOM 
  VCC-5                VIA-12-16            (789.595 3246.072) TOP/BOTTOM 
  VCC-5                VIA-12-16            (879.595 3246.072) TOP/BOTTOM 
  VCC-5                VIA-12-16            (849.595 3246.072) TOP/BOTTOM 
  VCC-5                VIA-12-16            (819.595 3246.072) TOP/BOTTOM 
  VCC-5                VIA-12-16            (1052.000 3180.000) TOP/BOTTOM 
  VCC-5                VIA-12-16            (1446.375 3203.217) TOP/BOTTOM 
  VCC-5                VIA-12-16            (1579.595 3365.072) TOP/BOTTOM 
  VCC-5                VIA-12-16            (1549.595 3365.072) TOP/BOTTOM 
  VCC-5                VIA-12-16            (1519.595 3365.072) TOP/BOTTOM 
  VCC-5                VIA-12-16            (1579.595 3335.072) TOP/BOTTOM 
  VCC-5                VIA-12-16            (1549.595 3335.072) TOP/BOTTOM 
  VCC-5                VIA-12-16            (1519.595 3335.072) TOP/BOTTOM 
  VCC-5                VIA-12-16            (1579.595 3305.072) TOP/BOTTOM 
  VCC-5                VIA-12-16            (1549.595 3305.072) TOP/BOTTOM 
  VCC-5                VIA-12-16            (1519.595 3305.072) TOP/BOTTOM 
  VCC-5                VIA-12-16            (1579.595 3275.072) TOP/BOTTOM 
  VCC-5                VIA-12-16            (1549.595 3275.072) TOP/BOTTOM 
  VCC-5                VIA-12-16            (1519.595 3275.072) TOP/BOTTOM 
  VCC-5                VIA-12-16            (1579.595 3245.072) TOP/BOTTOM 
  VCC-5                VIA-12-16            (1549.595 3245.072) TOP/BOTTOM 
  VCC-5                VIA-12-16            (1519.595 3245.072) TOP/BOTTOM 
  VCC-5                VIA-12-16            (1489.595 3365.072) TOP/BOTTOM 
  VCC-5                VIA-12-16            (1489.595 3335.072) TOP/BOTTOM 
  VCC-5                VIA-12-16            (1489.595 3305.072) TOP/BOTTOM 
  VCC-5                VIA-12-16            (1489.595 3275.072) TOP/BOTTOM 
  VCC-5                VIA-12-16            (1489.595 3245.072) TOP/BOTTOM 
  VCC-5                VIA-12-16            (1755.000 3173.000) TOP/BOTTOM 
  VCC-5                VIA-12-16            (2146.217 3203.217) TOP/BOTTOM 
  VCC-5                VIA-12-16            (2279.595 3366.072) TOP/BOTTOM 
  VCC-5                VIA-12-16            (2249.595 3366.072) TOP/BOTTOM 
  VCC-5                VIA-12-16            (2219.595 3366.072) TOP/BOTTOM 
  VCC-5                VIA-12-16            (2279.595 3336.072) TOP/BOTTOM 
  VCC-5                VIA-12-16            (2249.595 3336.072) TOP/BOTTOM 
  VCC-5                VIA-12-16            (2219.595 3336.072) TOP/BOTTOM 
  VCC-5                VIA-12-16            (2279.595 3306.072) TOP/BOTTOM 
  VCC-5                VIA-12-16            (2249.595 3306.072) TOP/BOTTOM 
  VCC-5                VIA-12-16            (2219.595 3306.072) TOP/BOTTOM 
  VCC-5                VIA-12-16            (2279.595 3276.072) TOP/BOTTOM 
  VCC-5                VIA-12-16            (2249.595 3276.072) TOP/BOTTOM 
  VCC-5                VIA-12-16            (2219.595 3276.072) TOP/BOTTOM 
  VCC-5                VIA-12-16            (2279.595 3246.072) TOP/BOTTOM 
  VCC-5                VIA-12-16            (2249.595 3246.072) TOP/BOTTOM 
  VCC-5                VIA-12-16            (2219.595 3246.072) TOP/BOTTOM 
  VCC-5                VIA-12-16            (2189.595 3366.072) TOP/BOTTOM 
  VCC-5                VIA-12-16            (2189.595 3336.072) TOP/BOTTOM 
  VCC-5                VIA-12-16            (2189.595 3306.072) TOP/BOTTOM 
  VCC-5                VIA-12-16            (2189.595 3276.072) TOP/BOTTOM 
  VCC-5                VIA-12-16            (2189.595 3246.072) TOP/BOTTOM 
  VCC-5                VIA-12-16            (2457.500 3184.500) TOP/BOTTOM 
  VCC-5                VIA-12-16            (2846.375 3203.375) TOP/BOTTOM 
  VCC-5                VIA-12-16            (2979.595 3366.072) TOP/BOTTOM 
  VCC-5                VIA-12-16            (2949.595 3366.072) TOP/BOTTOM 
  VCC-5                VIA-12-16            (2919.595 3366.072) TOP/BOTTOM 
  VCC-5                VIA-12-16            (2979.595 3336.072) TOP/BOTTOM 
  VCC-5                VIA-12-16            (2949.595 3336.072) TOP/BOTTOM 
  VCC-5                VIA-12-16            (2919.595 3336.072) TOP/BOTTOM 
  VCC-5                VIA-12-16            (2979.595 3306.072) TOP/BOTTOM 
  VCC-5                VIA-12-16            (2949.595 3306.072) TOP/BOTTOM 
  VCC-5                VIA-12-16            (2919.595 3306.072) TOP/BOTTOM 
  VCC-5                VIA-12-16            (2979.595 3276.072) TOP/BOTTOM 
  VCC-5                VIA-12-16            (2949.595 3276.072) TOP/BOTTOM 
  VCC-5                VIA-12-16            (2919.595 3276.072) TOP/BOTTOM 
  VCC-5                VIA-12-16            (2979.595 3246.072) TOP/BOTTOM 
  VCC-5                VIA-12-16            (2949.595 3246.072) TOP/BOTTOM 
  VCC-5                VIA-12-16            (2919.595 3246.072) TOP/BOTTOM 
  VCC-5                VIA-12-16            (2889.595 3366.072) TOP/BOTTOM 
  VCC-5                VIA-12-16            (2889.595 3336.072) TOP/BOTTOM 
  VCC-5                VIA-12-16            (2889.595 3306.072) TOP/BOTTOM 
  VCC-5                VIA-12-16            (2889.595 3276.072) TOP/BOTTOM 
  VCC-5                VIA-12-16            (2889.595 3246.072) TOP/BOTTOM 
  VCC-5                VIA-12-16            (3154.000 3181.000) TOP/BOTTOM 
  VCC-5                VIA-12-16            (300.000 3290.000) TOP/BOTTOM 
  VCC5                 VIA-12-16            (3589.921 2250.000) TOP/BOTTOM 
  VCC5                 VIA-12-16            (3513.108 2245.020) TOP/BOTTOM 
  VCC5                 VIA-12-16            (707.322 2897.164) TOP/BOTTOM 
  VCC5                 VIA-12-16            (1407.164 2897.164) TOP/BOTTOM 
  VCC5                 VIA-12-16            (2107.164 2897.164) TOP/BOTTOM 
  VCC5                 VIA-12-16            (2807.836 2897.164) TOP/BOTTOM 
  VCC5                 VIA-12-16            (3291.842 2909.842) TOP/BOTTOM 
  VCC5                 VIA-12-16            (3445.000 2910.000) TOP/BOTTOM 
  VCC5                 VIA-12-16            (691.155 2998.613) TOP/BOTTOM 
  VCC5                 VIA-12-16            (1391.155 2998.613) TOP/BOTTOM 
  VCC5                 VIA-12-16            (2091.155 2998.613) TOP/BOTTOM 
  VCC5                 VIA-12-16            (2791.155 2998.613) TOP/BOTTOM 
  VCC5                 VIA-12-16            (990.000 3113.000) TOP/BOTTOM 
  VCC5                 VIA-12-16            (1690.000 3104.000) TOP/BOTTOM 
  VCC5                 VIA-12-16            (2390.000 3107.000) TOP/BOTTOM 
  VCC5                 VIA-12-16            (3090.000 3105.000) TOP/BOTTOM 
  VCC5                 VIA-12-16            (3390.000 3115.847) TOP/BOTTOM 
  VCC5                 VIA-12-16            (300.000 2960.000) TOP/BOTTOM 
  1V8                  VIA-12-16            (1213.000 770.000) TOP/BOTTOM 
  1V8                  VIA-12-16            (1320.000 834.000) TOP/BOTTOM 
  1V8                  VIA-12-16            (518.000 1165.040) TOP/BOTTOM 
  1V8                  VIA-12-16            (676.850 1049.000) TOP/BOTTOM 
  1V8                  VIA-12-16            (520.000 1204.410) TOP/BOTTOM 
  1V8                  VIA-12-16            (820.000 1257.000) TOP/BOTTOM 
  1V8                  VIA-12-16            (539.055 1413.000) TOP/BOTTOM 
  1V8                  VIA-12-16            (811.134 1423.134) TOP/BOTTOM 

<< Summary >>
  Total dangling lines:       3
  Total dangling vias:        7
  Total antenna vias:       540
