(---------------------------------------------------------------------)
(                                                                     )
(    Allegro Netrev Import Logic                                      )
(                                                                     )
(    Drawing          : vibration.brd                                 )
(    Software Version : 16.6-2015S066                                 )
(    Date/Time        : Sat Sep 03 21:15:56 2016                      )
(                                                                     )
(---------------------------------------------------------------------)


------ Directives ------------

Ripup etch:                  No
Ripup delete first segment:  No
Ripup retain bondwire:       No
Ripup symbols:               IfSame
Missing symbol has error:    No
DRC update:                  Yes
Schematic directory:         'F:/Vibration/lool-Inds-Vibration/hardware/v2.0/sch'
Design Directory:            '.'
Old design name:             'F:/Vibration/lool-Inds-Vibration/hardware/v2.0/pcb/vibration.brd'
New design name:             'F:/Vibration/lool-Inds-Vibration/hardware/v2.0/pcb/vibration.brd'

CmdLine: netrev -$ -i F:/Vibration/lool-Inds-Vibration/hardware/v2.0/sch -y 2 -q netrev_constraint_report.xml F:/Vibration/lool-Inds-Vibration/hardware/v2.0/pcb/#Taaaaab01672.tmp

------ Preparing to read pst files ------

Starting to read F:/Vibration/lool-Inds-Vibration/hardware/v2.0/sch/pstchip.dat 
   Finished reading F:/Vibration/lool-Inds-Vibration/hardware/v2.0/sch/pstchip.dat (00:00:00.12)
Starting to read F:/Vibration/lool-Inds-Vibration/hardware/v2.0/sch/pstxprt.dat 
   Finished reading F:/Vibration/lool-Inds-Vibration/hardware/v2.0/sch/pstxprt.dat (00:00:00.01)
Starting to read F:/Vibration/lool-Inds-Vibration/hardware/v2.0/sch/pstxnet.dat 
   Finished reading F:/Vibration/lool-Inds-Vibration/hardware/v2.0/sch/pstxnet.dat (00:00:00.01)

------ Oversights/Warnings/Errors ------


------ Library Paths ------
MODULEPATH =  . 
           D:/Cadence/Cadence_SPB_16.6-2015/share/local/pcb/modules 

PSMPATH =  F:/CADENCE LIB/cadence-lib-new/PSM/ 

PADPATH =  F:/CADENCE LIB/cadence-lib-new/PAD/ 


------ Summary Statistics ------


netrev run on Sep 3 21:15:56 2016
   DESIGN NAME : 'VIBRATION'
   PACKAGING ON Feb 15 2016 19:53:59

   COMPILE 'logic'
   CHECK_PIN_NAMES OFF
   CROSS_REFERENCE OFF
   FEEDBACK OFF
   INCREMENTAL OFF
   INTERFACE_TYPE PHYSICAL
   MAX_ERRORS 500
   MERGE_MINIMUM 5
   NET_NAME_CHARS '#%&()*+-./:=>?@[]^_`|'
   NET_NAME_LENGTH 24
   OVERSIGHTS ON
   REPLACE_CHECK OFF
   SINGLE_NODE_NETS ON
   SPLIT_MINIMUM 0
   SUPPRESS   20
   WARNINGS ON

 No error detected
 No oversight detected
 No warning detected

cpu time      0:02:55
elapsed time  0:00:01

